2026-09-03 14:40:03,961 catch loop start
2026-09-03 14:40:03,968 fit n=7 resid=1.20px z=2.00m | landing=(+0.300,+0.800) t_rem=0.500s | odom=(+0.000,+0.000) | target=(+1.800,+0.600) | v_pred=(+0.43,+1.16) 1.24m/s
2026-09-03 14:40:03,969 v=(+0.43,+1.16) |v|=1.24 +69°  w1=-0.43 w2=+1.22! w3=-0.79
2026-09-03 14:40:03,969 fit n=7 resid=1.20px z=2.00m | landing=(+0.330,+0.860) t_rem=0.440s | odom=(+0.000,+0.000) | target=(+1.830,+0.660) | v_pred=(+0.44,+1.15) 1.24m/s
2026-09-03 14:40:03,969 v=(+0.44,+1.15) |v|=1.24 +69°  w1=-0.44 w2=+1.22! w3=-0.78
2026-09-03 14:40:03,970 fit n=7 resid=1.20px z=2.00m | landing=(+0.350,+0.900) t_rem=0.380s | odom=(+0.000,+0.000) | target=(+1.850,+0.700) | v_pred=(+0.45,+1.15) 1.23m/s
2026-09-03 14:40:03,970 v=(+0.45,+1.15) |v|=1.23 +69°  w1=-0.45 w2=+1.22! w3=-0.77
2026-09-03 14:40:03,970 fit n=7 resid=1.20px z=2.00m | landing=(+0.360,+0.930) t_rem=0.320s | odom=(+0.000,+0.000) | target=(+1.860,+0.730) | v_pred=(+0.45,+1.15) 1.23m/s
2026-09-03 14:40:03,970 v=(+0.45,+1.15) |v|=1.23 +69°  w1=-0.45 w2=+1.22! w3=-0.77
2026-09-03 14:40:03,970 fit n=7 resid=1.20px z=2.00m | landing=(+0.370,+0.950) t_rem=0.260s | odom=(+0.000,+0.000) | target=(+1.870,+0.750) | v_pred=(+0.45,+1.15) 1.23m/s
2026-09-03 14:40:03,970 v=(+0.45,+1.15) |v|=1.23 +69°  w1=-0.45 w2=+1.22! w3=-0.77
2026-09-03 14:40:03,970 fit n=7 resid=1.20px z=2.00m | landing=(+0.370,+0.960) t_rem=0.200s | odom=(+0.000,+0.000) | target=(+1.870,+0.760) | v_pred=(+0.44,+1.15) 1.23m/s
2026-09-03 14:40:03,973 v=(+0.44,+1.15) |v|=1.23 +69°  w1=-0.44 w2=+1.22! w3=-0.78
2026-09-03 14:40:03,973 interrupted
2026-09-03 14:40:03,973 catch loop end
2026-09-03 14:40:03,973 catch loop start [단발 모드: 첫 목표점 고정, 재전송 유지]
2026-09-03 14:40:03,973 fit n=7 resid=1.20px z=2.00m | landing=(+0.300,+0.800) t_rem=0.500s | odom=(+0.000,+0.000) | target=(+1.800,+0.600) | v_pred=(+0.43,+1.16) 1.24m/s
2026-09-03 14:40:03,973 v=(+0.43,+1.16) |v|=1.24 +69°  w1=-0.43 w2=+1.22! w3=-0.79
2026-09-03 14:40:03,973 hold  첫목표=(+1.800,+0.600) 재계산=(+1.830,+0.660) 차이=6.7cm  [고정값 재전송]
2026-09-03 14:40:03,974 fit n=7 resid=1.20px z=2.00m | landing=(+0.330,+0.860) t_rem=0.440s | odom=(+0.000,+0.000) | target=(+1.800,+0.600) | v_pred=(+0.44,+1.15) 1.24m/s
2026-09-03 14:40:03,974 v=(+0.44,+1.15) |v|=1.24 +69°  w1=-0.44 w2=+1.22! w3=-0.78
2026-09-03 14:40:03,974 hold  첫목표=(+1.800,+0.600) 재계산=(+1.850,+0.700) 차이=11.2cm  [고정값 재전송]
2026-09-03 14:40:03,974 fit n=7 resid=1.20px z=2.00m | landing=(+0.350,+0.900) t_rem=0.380s | odom=(+0.000,+0.000) | target=(+1.800,+0.600) | v_pred=(+0.45,+1.15) 1.23m/s
2026-09-03 14:40:03,974 v=(+0.45,+1.15) |v|=1.23 +69°  w1=-0.45 w2=+1.22! w3=-0.77
2026-09-03 14:40:03,974 hold  첫목표=(+1.800,+0.600) 재계산=(+1.860,+0.730) 차이=14.3cm  [고정값 재전송]
2026-09-03 14:40:03,974 fit n=7 resid=1.20px z=2.00m | landing=(+0.360,+0.930) t_rem=0.320s | odom=(+0.000,+0.000) | target=(+1.800,+0.600) | v_pred=(+0.45,+1.15) 1.23m/s
2026-09-03 14:40:03,974 v=(+0.45,+1.15) |v|=1.23 +69°  w1=-0.45 w2=+1.22! w3=-0.77
2026-09-03 14:40:03,974 hold  첫목표=(+1.800,+0.600) 재계산=(+1.870,+0.750) 차이=16.6cm  [고정값 재전송]
2026-09-03 14:40:03,974 fit n=7 resid=1.20px z=2.00m | landing=(+0.370,+0.950) t_rem=0.260s | odom=(+0.000,+0.000) | target=(+1.800,+0.600) | v_pred=(+0.45,+1.15) 1.23m/s
2026-09-03 14:40:03,974 v=(+0.45,+1.15) |v|=1.23 +69°  w1=-0.45 w2=+1.22! w3=-0.77
2026-09-03 14:40:03,974 hold  첫목표=(+1.800,+0.600) 재계산=(+1.870,+0.760) 차이=17.5cm  [고정값 재전송]
2026-09-03 14:40:03,974 fit n=7 resid=1.20px z=2.00m | landing=(+0.370,+0.960) t_rem=0.200s | odom=(+0.000,+0.000) | target=(+1.800,+0.600) | v_pred=(+0.44,+1.15) 1.23m/s
2026-09-03 14:40:03,975 v=(+0.44,+1.15) |v|=1.23 +69°  w1=-0.44 w2=+1.22! w3=-0.78
2026-09-03 14:40:03,975 interrupted
2026-09-03 14:40:03,975 catch loop end
2026-09-03 14:40:03,975 catch loop start [단발 모드: 첫 목표점 고정, 1회 전송, 워치독 1.50s]
2026-09-03 14:40:03,975 fit n=7 resid=1.20px z=2.00m | landing=(+0.300,+0.800) t_rem=0.500s | odom=(+0.000,+0.000) | target=(+1.800,+0.600) | v_pred=(+0.43,+1.16) 1.24m/s
2026-09-03 14:40:03,975 v=(+0.43,+1.16) |v|=1.24 +69°  w1=-0.43 w2=+1.22! w3=-0.79
2026-09-03 14:40:03,975 hold  첫목표=(+1.800,+0.600) 재계산=(+1.830,+0.660) 차이=6.7cm  [전송 안 함]
2026-09-03 14:40:03,975 fit n=7 resid=1.20px z=2.00m | landing=(+0.330,+0.860) t_rem=0.440s | odom=(+0.000,+0.000) | target=(+1.800,+0.600) | v_pred=(+0.44,+1.15) 1.24m/s
2026-09-03 14:40:03,975 v=(+0.44,+1.15) |v|=1.24 +69°  w1=-0.44 w2=+1.22! w3=-0.78
2026-09-03 14:40:03,975 hold  첫목표=(+1.800,+0.600) 재계산=(+1.850,+0.700) 차이=11.2cm  [전송 안 함]
2026-09-03 14:40:03,975 fit n=7 resid=1.20px z=2.00m | landing=(+0.350,+0.900) t_rem=0.380s | odom=(+0.000,+0.000) | target=(+1.800,+0.600) | v_pred=(+0.45,+1.15) 1.23m/s
2026-09-03 14:40:03,975 v=(+0.45,+1.15) |v|=1.23 +69°  w1=-0.45 w2=+1.22! w3=-0.77
2026-09-03 14:40:03,976 hold  첫목표=(+1.800,+0.600) 재계산=(+1.860,+0.730) 차이=14.3cm  [전송 안 함]
2026-09-03 14:40:03,976 fit n=7 resid=1.20px z=2.00m | landing=(+0.360,+0.930) t_rem=0.320s | odom=(+0.000,+0.000) | target=(+1.800,+0.600) | v_pred=(+0.45,+1.15) 1.23m/s
2026-09-03 14:40:03,976 v=(+0.45,+1.15) |v|=1.23 +69°  w1=-0.45 w2=+1.22! w3=-0.77
2026-09-03 14:40:03,976 hold  첫목표=(+1.800,+0.600) 재계산=(+1.870,+0.750) 차이=16.6cm  [전송 안 함]
2026-09-03 14:40:03,976 fit n=7 resid=1.20px z=2.00m | landing=(+0.370,+0.950) t_rem=0.260s | odom=(+0.000,+0.000) | target=(+1.800,+0.600) | v_pred=(+0.45,+1.15) 1.23m/s
2026-09-03 14:40:03,976 v=(+0.45,+1.15) |v|=1.23 +69°  w1=-0.45 w2=+1.22! w3=-0.77
2026-09-03 14:40:03,976 hold  첫목표=(+1.800,+0.600) 재계산=(+1.870,+0.760) 차이=17.5cm  [전송 안 함]
2026-09-03 14:40:03,976 fit n=7 resid=1.20px z=2.00m | landing=(+0.370,+0.960) t_rem=0.200s | odom=(+0.000,+0.000) | target=(+1.800,+0.600) | v_pred=(+0.44,+1.15) 1.23m/s
2026-09-03 14:40:03,976 v=(+0.44,+1.15) |v|=1.23 +69°  w1=-0.44 w2=+1.22! w3=-0.78
2026-09-03 14:40:03,976 interrupted
2026-09-03 14:40:03,976 catch loop end
2026-09-03 14:40:37,561 catch loop start
2026-09-03 14:40:37,561 fit n=7 resid=1.20px z=2.00m | landing=(+0.300,+0.800) t_rem=0.500s | odom=(+0.000,+0.000) | target=(+1.800,+0.600) | v_pred=(+0.43,+1.16) 1.24m/s
2026-09-03 14:40:37,561 v=(+0.43,+1.16) |v|=1.24 +69°  w1=-0.43 w2=+1.22! w3=-0.79
2026-09-03 14:40:37,561 fit n=7 resid=1.20px z=2.00m | landing=(+0.330,+0.860) t_rem=0.440s | odom=(+0.000,+0.000) | target=(+1.830,+0.660) | v_pred=(+0.44,+1.15) 1.24m/s
2026-09-03 14:40:37,562 v=(+0.44,+1.15) |v|=1.24 +69°  w1=-0.44 w2=+1.22! w3=-0.78
2026-09-03 14:40:37,562 fit n=7 resid=1.20px z=2.00m | landing=(+0.350,+0.900) t_rem=0.380s | odom=(+0.000,+0.000) | target=(+1.850,+0.700) | v_pred=(+0.45,+1.15) 1.23m/s
2026-09-03 14:40:37,562 v=(+0.45,+1.15) |v|=1.23 +69°  w1=-0.45 w2=+1.22! w3=-0.77
2026-09-03 14:40:37,562 fit n=7 resid=1.20px z=2.00m | landing=(+0.360,+0.930) t_rem=0.320s | odom=(+0.000,+0.000) | target=(+1.860,+0.730) | v_pred=(+0.45,+1.15) 1.23m/s
2026-09-03 14:40:37,562 v=(+0.45,+1.15) |v|=1.23 +69°  w1=-0.45 w2=+1.22! w3=-0.77
2026-09-03 14:40:37,562 fit n=7 resid=1.20px z=2.00m | landing=(+0.370,+0.950) t_rem=0.260s | odom=(+0.000,+0.000) | target=(+1.870,+0.750) | v_pred=(+0.45,+1.15) 1.23m/s
2026-09-03 14:40:37,562 v=(+0.45,+1.15) |v|=1.23 +69°  w1=-0.45 w2=+1.22! w3=-0.77
2026-09-03 14:40:37,562 fit n=7 resid=1.20px z=2.00m | landing=(+0.370,+0.960) t_rem=0.200s | odom=(+0.000,+0.000) | target=(+1.870,+0.760) | v_pred=(+0.44,+1.15) 1.23m/s
2026-09-03 14:40:37,562 v=(+0.44,+1.15) |v|=1.23 +69°  w1=-0.44 w2=+1.22! w3=-0.78
2026-09-03 14:40:37,562 interrupted
2026-09-03 14:40:37,562 catch loop end
2026-09-03 14:40:37,563 catch loop start [단발 모드: 첫 목표점 고정, 재전송 유지]
2026-09-03 14:40:37,563 fit n=7 resid=1.20px z=2.00m | landing=(+0.300,+0.800) t_rem=0.500s | odom=(+0.000,+0.000) | target=(+1.800,+0.600) | v_pred=(+0.43,+1.16) 1.24m/s
2026-09-03 14:40:37,563 v=(+0.43,+1.16) |v|=1.24 +69°  w1=-0.43 w2=+1.22! w3=-0.79
2026-09-03 14:40:37,563 hold  첫목표=(+1.800,+0.600) 재계산=(+1.830,+0.660) 차이=6.7cm  [고정값 재전송]
2026-09-03 14:40:37,563 fit n=7 resid=1.20px z=2.00m | landing=(+0.330,+0.860) t_rem=0.440s | odom=(+0.000,+0.000) | target=(+1.800,+0.600) | v_pred=(+0.44,+1.15) 1.24m/s
2026-09-03 14:40:37,563 v=(+0.44,+1.15) |v|=1.24 +69°  w1=-0.44 w2=+1.22! w3=-0.78
2026-09-03 14:40:37,563 hold  첫목표=(+1.800,+0.600) 재계산=(+1.850,+0.700) 차이=11.2cm  [고정값 재전송]
2026-09-03 14:40:37,563 fit n=7 resid=1.20px z=2.00m | landing=(+0.350,+0.900) t_rem=0.380s | odom=(+0.000,+0.000) | target=(+1.800,+0.600) | v_pred=(+0.45,+1.15) 1.23m/s
2026-09-03 14:40:37,563 v=(+0.45,+1.15) |v|=1.23 +69°  w1=-0.45 w2=+1.22! w3=-0.77
2026-09-03 14:40:37,563 hold  첫목표=(+1.800,+0.600) 재계산=(+1.860,+0.730) 차이=14.3cm  [고정값 재전송]
2026-09-03 14:40:37,563 fit n=7 resid=1.20px z=2.00m | landing=(+0.360,+0.930) t_rem=0.320s | odom=(+0.000,+0.000) | target=(+1.800,+0.600) | v_pred=(+0.45,+1.15) 1.23m/s
2026-09-03 14:40:37,563 v=(+0.45,+1.15) |v|=1.23 +69°  w1=-0.45 w2=+1.22! w3=-0.77
2026-09-03 14:40:37,564 hold  첫목표=(+1.800,+0.600) 재계산=(+1.870,+0.750) 차이=16.6cm  [고정값 재전송]
2026-09-03 14:40:37,564 fit n=7 resid=1.20px z=2.00m | landing=(+0.370,+0.950) t_rem=0.260s | odom=(+0.000,+0.000) | target=(+1.800,+0.600) | v_pred=(+0.45,+1.15) 1.23m/s
2026-09-03 14:40:37,564 v=(+0.45,+1.15) |v|=1.23 +69°  w1=-0.45 w2=+1.22! w3=-0.77
2026-09-03 14:40:37,564 hold  첫목표=(+1.800,+0.600) 재계산=(+1.870,+0.760) 차이=17.5cm  [고정값 재전송]
2026-09-03 14:40:37,564 fit n=7 resid=1.20px z=2.00m | landing=(+0.370,+0.960) t_rem=0.200s | odom=(+0.000,+0.000) | target=(+1.800,+0.600) | v_pred=(+0.44,+1.15) 1.23m/s
2026-09-03 14:40:37,564 v=(+0.44,+1.15) |v|=1.23 +69°  w1=-0.44 w2=+1.22! w3=-0.78
2026-09-03 14:40:37,564 interrupted
2026-09-03 14:40:37,564 catch loop end
2026-09-03 14:40:37,564 catch loop start [단발 모드: 첫 목표점 고정, 1회 전송, 워치독 1.50s]
2026-09-03 14:40:37,565 fit n=7 resid=1.20px z=2.00m | landing=(+0.300,+0.800) t_rem=0.500s | odom=(+0.000,+0.000) | target=(+1.800,+0.600) | v_pred=(+0.43,+1.16) 1.24m/s
2026-09-03 14:40:37,565 v=(+0.43,+1.16) |v|=1.24 +69°  w1=-0.43 w2=+1.22! w3=-0.79
2026-09-03 14:40:37,565 hold  첫목표=(+1.800,+0.600) 재계산=(+1.830,+0.660) 차이=6.7cm  [전송 안 함]
2026-09-03 14:40:37,565 fit n=7 resid=1.20px z=2.00m | landing=(+0.330,+0.860) t_rem=0.440s | odom=(+0.000,+0.000) | target=(+1.800,+0.600) | v_pred=(+0.44,+1.15) 1.24m/s
2026-09-03 14:40:37,565 v=(+0.44,+1.15) |v|=1.24 +69°  w1=-0.44 w2=+1.22! w3=-0.78
2026-09-03 14:40:37,565 hold  첫목표=(+1.800,+0.600) 재계산=(+1.850,+0.700) 차이=11.2cm  [전송 안 함]
2026-09-03 14:40:37,565 fit n=7 resid=1.20px z=2.00m | landing=(+0.350,+0.900) t_rem=0.380s | odom=(+0.000,+0.000) | target=(+1.800,+0.600) | v_pred=(+0.45,+1.15) 1.23m/s
2026-09-03 14:40:37,565 v=(+0.45,+1.15) |v|=1.23 +69°  w1=-0.45 w2=+1.22! w3=-0.77
2026-09-03 14:40:37,565 hold  첫목표=(+1.800,+0.600) 재계산=(+1.860,+0.730) 차이=14.3cm  [전송 안 함]
2026-09-03 14:40:37,565 fit n=7 resid=1.20px z=2.00m | landing=(+0.360,+0.930) t_rem=0.320s | odom=(+0.000,+0.000) | target=(+1.800,+0.600) | v_pred=(+0.45,+1.15) 1.23m/s
2026-09-03 14:40:37,565 v=(+0.45,+1.15) |v|=1.23 +69°  w1=-0.45 w2=+1.22! w3=-0.77
2026-09-03 14:40:37,565 hold  첫목표=(+1.800,+0.600) 재계산=(+1.870,+0.750) 차이=16.6cm  [전송 안 함]
2026-09-03 14:40:37,565 fit n=7 resid=1.20px z=2.00m | landing=(+0.370,+0.950) t_rem=0.260s | odom=(+0.000,+0.000) | target=(+1.800,+0.600) | v_pred=(+0.45,+1.15) 1.23m/s
2026-09-03 14:40:37,565 v=(+0.45,+1.15) |v|=1.23 +69°  w1=-0.45 w2=+1.22! w3=-0.77
2026-09-03 14:40:37,566 hold  첫목표=(+1.800,+0.600) 재계산=(+1.870,+0.760) 차이=17.5cm  [전송 안 함]
2026-09-03 14:40:37,566 fit n=7 resid=1.20px z=2.00m | landing=(+0.370,+0.960) t_rem=0.200s | odom=(+0.000,+0.000) | target=(+1.800,+0.600) | v_pred=(+0.44,+1.15) 1.23m/s
2026-09-03 14:40:37,566 v=(+0.44,+1.15) |v|=1.23 +69°  w1=-0.44 w2=+1.22! w3=-0.78
2026-09-03 14:40:37,566 interrupted
2026-09-03 14:40:37,566 catch loop end
2026-09-03 14:40:37,566 catch loop start
2026-09-03 14:40:37,566 fit n=7 resid=1.20px z=2.00m | landing=(+0.300,+0.800) t_rem=0.500s | odom=(+0.000,+0.000) | target=(+1.800,+0.600) | v_pred=(+0.43,+1.16) 1.24m/s
2026-09-03 14:40:37,566 v=(+0.43,+1.16) |v|=1.24 +69°  w1=-0.43 w2=+1.22! w3=-0.79
2026-09-03 14:40:37,566 fit n=7 resid=1.20px z=2.00m | landing=(+0.330,+0.860) t_rem=0.440s | odom=(+0.000,+0.000) | target=(+1.830,+0.660) | v_pred=(+0.44,+1.15) 1.24m/s
2026-09-03 14:40:37,566 v=(+0.44,+1.15) |v|=1.24 +69°  w1=-0.44 w2=+1.22! w3=-0.78
2026-09-03 14:40:37,566 fit n=7 resid=1.20px z=2.00m | landing=(+0.350,+0.900) t_rem=0.380s | odom=(+0.000,+0.000) | target=(+1.850,+0.700) | v_pred=(+0.45,+1.15) 1.23m/s
2026-09-03 14:40:37,566 v=(+0.45,+1.15) |v|=1.23 +69°  w1=-0.45 w2=+1.22! w3=-0.77
2026-09-03 14:40:37,567 fit n=7 resid=1.20px z=2.00m | landing=(+0.360,+0.930) t_rem=0.320s | odom=(+0.000,+0.000) | target=(+1.860,+0.730) | v_pred=(+0.45,+1.15) 1.23m/s
2026-09-03 14:40:37,567 v=(+0.45,+1.15) |v|=1.23 +69°  w1=-0.45 w2=+1.22! w3=-0.77
2026-09-03 14:40:37,567 cycle end — 착지 시각 경과 (관측 7, 스팬 0.35s, 가설 1개)
2026-09-03 14:40:37,567 fit n=7 resid=1.20px z=2.00m | landing=(+0.370,+0.950) t_rem=0.260s | odom=(+0.000,+0.000) | target=(+1.870,+0.750) | v_pred=(+0.45,+1.15) 1.23m/s
2026-09-03 14:40:37,567 v=(+0.45,+1.15) |v|=1.23 +69°  w1=-0.45 w2=+1.22! w3=-0.77
2026-09-03 14:40:37,567 fit n=7 resid=1.20px z=2.00m | landing=(+0.370,+0.960) t_rem=0.200s | odom=(+0.000,+0.000) | target=(+1.870,+0.760) | v_pred=(+0.44,+1.15) 1.23m/s
2026-09-03 14:40:37,567 v=(+0.44,+1.15) |v|=1.23 +69°  w1=-0.44 w2=+1.22! w3=-0.78
2026-09-03 14:40:37,567 interrupted
2026-09-03 14:40:37,567 catch loop end
2026-09-03 14:40:37,567 catch loop start [단발 모드: 첫 목표점 고정, 1회 전송, 워치독 1.50s]
2026-09-03 14:40:37,567 fit n=7 resid=1.20px z=2.00m | landing=(+0.300,+0.800) t_rem=0.500s | odom=(+0.000,+0.000) | target=(+1.800,+0.600) | v_pred=(+0.43,+1.16) 1.24m/s
2026-09-03 14:40:37,567 v=(+0.43,+1.16) |v|=1.24 +69°  w1=-0.43 w2=+1.22! w3=-0.79
2026-09-03 14:40:37,567 hold  첫목표=(+1.800,+0.600) 재계산=(+1.830,+0.660) 차이=6.7cm  [전송 안 함]
2026-09-03 14:40:37,568 fit n=7 resid=1.20px z=2.00m | landing=(+0.330,+0.860) t_rem=0.440s | odom=(+0.000,+0.000) | target=(+1.800,+0.600) | v_pred=(+0.44,+1.15) 1.24m/s
2026-09-03 14:40:37,568 v=(+0.44,+1.15) |v|=1.24 +69°  w1=-0.44 w2=+1.22! w3=-0.78
2026-09-03 14:40:37,568 hold  첫목표=(+1.800,+0.600) 재계산=(+1.850,+0.700) 차이=11.2cm  [전송 안 함]
2026-09-03 14:40:37,568 fit n=7 resid=1.20px z=2.00m | landing=(+0.350,+0.900) t_rem=0.380s | odom=(+0.000,+0.000) | target=(+1.800,+0.600) | v_pred=(+0.45,+1.15) 1.23m/s
2026-09-03 14:40:37,568 v=(+0.45,+1.15) |v|=1.23 +69°  w1=-0.45 w2=+1.22! w3=-0.77
2026-09-03 14:40:37,568 hold  첫목표=(+1.800,+0.600) 재계산=(+1.860,+0.730) 차이=14.3cm  [전송 안 함]
2026-09-03 14:40:37,568 fit n=7 resid=1.20px z=2.00m | landing=(+0.360,+0.930) t_rem=0.320s | odom=(+0.000,+0.000) | target=(+1.800,+0.600) | v_pred=(+0.45,+1.15) 1.23m/s
2026-09-03 14:40:37,568 v=(+0.45,+1.15) |v|=1.23 +69°  w1=-0.45 w2=+1.22! w3=-0.77
2026-09-03 14:40:37,568 cycle end — 착지 시각 경과 (관측 7, 스팬 0.35s, 가설 1개)
2026-09-03 14:40:37,568 단발 모드 — 사이클 끝 STOP 생략 (워치독이 세운다)
2026-09-03 14:40:37,568 fit n=7 resid=1.20px z=2.00m | landing=(+0.370,+0.950) t_rem=0.260s | odom=(+0.000,+0.000) | target=(+1.870,+0.750) | v_pred=(+0.45,+1.15) 1.23m/s
2026-09-03 14:40:37,568 v=(+0.45,+1.15) |v|=1.23 +69°  w1=-0.45 w2=+1.22! w3=-0.77
2026-09-03 14:40:37,568 hold  첫목표=(+1.870,+0.750) 재계산=(+1.870,+0.760) 차이=1.0cm  [전송 안 함]
2026-09-03 14:40:37,568 fit n=7 resid=1.20px z=2.00m | landing=(+0.370,+0.960) t_rem=0.200s | odom=(+0.000,+0.000) | target=(+1.870,+0.750) | v_pred=(+0.44,+1.15) 1.23m/s
2026-09-03 14:40:37,568 v=(+0.44,+1.15) |v|=1.23 +69°  w1=-0.44 w2=+1.22! w3=-0.78
2026-09-03 14:40:37,569 interrupted
2026-09-03 14:40:37,569 catch loop end
2026-09-03 14:41:57,825 catch loop start
2026-09-03 14:41:57,826 fit n=7 resid=1.20px z=2.00m | landing=(+0.300,+0.800) t_rem=0.500s | odom=(+0.000,+0.000) | target=(+1.800,+0.600) | v_pred=(+0.43,+1.16) 1.24m/s
2026-09-03 14:41:57,826 v=(+0.43,+1.16) |v|=1.24 +69°  w1=-0.43 w2=+1.22! w3=-0.79
2026-09-03 14:41:57,826 fit n=7 resid=1.20px z=2.00m | landing=(+0.330,+0.860) t_rem=0.440s | odom=(+0.000,+0.000) | target=(+1.830,+0.660) | v_pred=(+0.44,+1.15) 1.24m/s
2026-09-03 14:41:57,826 v=(+0.44,+1.15) |v|=1.24 +69°  w1=-0.44 w2=+1.22! w3=-0.78
2026-09-03 14:41:57,826 fit n=7 resid=1.20px z=2.00m | landing=(+0.350,+0.900) t_rem=0.380s | odom=(+0.000,+0.000) | target=(+1.850,+0.700) | v_pred=(+0.45,+1.15) 1.23m/s
2026-09-03 14:41:57,826 v=(+0.45,+1.15) |v|=1.23 +69°  w1=-0.45 w2=+1.22! w3=-0.77
2026-09-03 14:41:57,826 fit n=7 resid=1.20px z=2.00m | landing=(+0.360,+0.930) t_rem=0.320s | odom=(+0.000,+0.000) | target=(+1.860,+0.730) | v_pred=(+0.45,+1.15) 1.23m/s
2026-09-03 14:41:57,827 v=(+0.45,+1.15) |v|=1.23 +69°  w1=-0.45 w2=+1.22! w3=-0.77
2026-09-03 14:41:57,827 fit n=7 resid=1.20px z=2.00m | landing=(+0.370,+0.950) t_rem=0.260s | odom=(+0.000,+0.000) | target=(+1.870,+0.750) | v_pred=(+0.45,+1.15) 1.23m/s
2026-09-03 14:41:57,827 v=(+0.45,+1.15) |v|=1.23 +69°  w1=-0.45 w2=+1.22! w3=-0.77
2026-09-03 14:41:57,827 fit n=7 resid=1.20px z=2.00m | landing=(+0.370,+0.960) t_rem=0.200s | odom=(+0.000,+0.000) | target=(+1.870,+0.760) | v_pred=(+0.44,+1.15) 1.23m/s
2026-09-03 14:41:57,827 v=(+0.44,+1.15) |v|=1.23 +69°  w1=-0.44 w2=+1.22! w3=-0.78
2026-09-03 14:41:57,827 interrupted
2026-09-03 14:41:57,827 catch loop end
2026-09-03 14:41:57,827 catch loop start [단발 모드: 첫 목표점 고정, 재전송 유지]
2026-09-03 14:41:57,827 fit n=7 resid=1.20px z=2.00m | landing=(+0.300,+0.800) t_rem=0.500s | odom=(+0.000,+0.000) | target=(+1.800,+0.600) | v_pred=(+0.43,+1.16) 1.24m/s
2026-09-03 14:41:57,827 v=(+0.43,+1.16) |v|=1.24 +69°  w1=-0.43 w2=+1.22! w3=-0.79
2026-09-03 14:41:57,827 hold  첫목표=(+1.800,+0.600) 재계산=(+1.830,+0.660) 차이=6.7cm  [고정값 재전송]
2026-09-03 14:41:57,827 fit n=7 resid=1.20px z=2.00m | landing=(+0.330,+0.860) t_rem=0.440s | odom=(+0.000,+0.000) | target=(+1.800,+0.600) | v_pred=(+0.44,+1.15) 1.24m/s
2026-09-03 14:41:57,828 v=(+0.44,+1.15) |v|=1.24 +69°  w1=-0.44 w2=+1.22! w3=-0.78
2026-09-03 14:41:57,828 hold  첫목표=(+1.800,+0.600) 재계산=(+1.850,+0.700) 차이=11.2cm  [고정값 재전송]
2026-09-03 14:41:57,828 fit n=7 resid=1.20px z=2.00m | landing=(+0.350,+0.900) t_rem=0.380s | odom=(+0.000,+0.000) | target=(+1.800,+0.600) | v_pred=(+0.45,+1.15) 1.23m/s
2026-09-03 14:41:57,828 v=(+0.45,+1.15) |v|=1.23 +69°  w1=-0.45 w2=+1.22! w3=-0.77
2026-09-03 14:41:57,828 hold  첫목표=(+1.800,+0.600) 재계산=(+1.860,+0.730) 차이=14.3cm  [고정값 재전송]
2026-09-03 14:41:57,828 fit n=7 resid=1.20px z=2.00m | landing=(+0.360,+0.930) t_rem=0.320s | odom=(+0.000,+0.000) | target=(+1.800,+0.600) | v_pred=(+0.45,+1.15) 1.23m/s
2026-09-03 14:41:57,828 v=(+0.45,+1.15) |v|=1.23 +69°  w1=-0.45 w2=+1.22! w3=-0.77
2026-09-03 14:41:57,828 hold  첫목표=(+1.800,+0.600) 재계산=(+1.870,+0.750) 차이=16.6cm  [고정값 재전송]
2026-09-03 14:41:57,828 fit n=7 resid=1.20px z=2.00m | landing=(+0.370,+0.950) t_rem=0.260s | odom=(+0.000,+0.000) | target=(+1.800,+0.600) | v_pred=(+0.45,+1.15) 1.23m/s
2026-09-03 14:41:57,828 v=(+0.45,+1.15) |v|=1.23 +69°  w1=-0.45 w2=+1.22! w3=-0.77
2026-09-03 14:41:57,828 hold  첫목표=(+1.800,+0.600) 재계산=(+1.870,+0.760) 차이=17.5cm  [고정값 재전송]
2026-09-03 14:41:57,828 fit n=7 resid=1.20px z=2.00m | landing=(+0.370,+0.960) t_rem=0.200s | odom=(+0.000,+0.000) | target=(+1.800,+0.600) | v_pred=(+0.44,+1.15) 1.23m/s
2026-09-03 14:41:57,828 v=(+0.44,+1.15) |v|=1.23 +69°  w1=-0.44 w2=+1.22! w3=-0.78
2026-09-03 14:41:57,829 interrupted
2026-09-03 14:41:57,829 catch loop end
2026-09-03 14:41:57,829 catch loop start [단발 모드: 첫 목표점 고정, 1회 전송, 워치독 1.50s]
2026-09-03 14:41:57,829 ⚠ --hold 1.50s 가 남은시간 0.50s 보다 길다. 남은시간이 다 지나면 피코가 상한 속도로 붙으므로 목표점 주변을 왕복할 수 있다 (STOP 을 생략하는 모드다)
2026-09-03 14:41:57,829 fit n=7 resid=1.20px z=2.00m | landing=(+0.300,+0.800) t_rem=0.500s | odom=(+0.000,+0.000) | target=(+1.800,+0.600) | v_pred=(+0.43,+1.16) 1.24m/s
2026-09-03 14:41:57,829 v=(+0.43,+1.16) |v|=1.24 +69°  w1=-0.43 w2=+1.22! w3=-0.79
2026-09-03 14:41:57,829 hold  첫목표=(+1.800,+0.600) 재계산=(+1.830,+0.660) 차이=6.7cm  [전송 안 함]
2026-09-03 14:41:57,829 fit n=7 resid=1.20px z=2.00m | landing=(+0.330,+0.860) t_rem=0.440s | odom=(+0.000,+0.000) | target=(+1.800,+0.600) | v_pred=(+0.44,+1.15) 1.24m/s
2026-09-03 14:41:57,829 v=(+0.44,+1.15) |v|=1.24 +69°  w1=-0.44 w2=+1.22! w3=-0.78
2026-09-03 14:41:57,829 hold  첫목표=(+1.800,+0.600) 재계산=(+1.850,+0.700) 차이=11.2cm  [전송 안 함]
2026-09-03 14:41:57,829 fit n=7 resid=1.20px z=2.00m | landing=(+0.350,+0.900) t_rem=0.380s | odom=(+0.000,+0.000) | target=(+1.800,+0.600) | v_pred=(+0.45,+1.15) 1.23m/s
2026-09-03 14:41:57,829 v=(+0.45,+1.15) |v|=1.23 +69°  w1=-0.45 w2=+1.22! w3=-0.77
2026-09-03 14:41:57,829 hold  첫목표=(+1.800,+0.600) 재계산=(+1.860,+0.730) 차이=14.3cm  [전송 안 함]
2026-09-03 14:41:57,830 fit n=7 resid=1.20px z=2.00m | landing=(+0.360,+0.930) t_rem=0.320s | odom=(+0.000,+0.000) | target=(+1.800,+0.600) | v_pred=(+0.45,+1.15) 1.23m/s
2026-09-03 14:41:57,830 v=(+0.45,+1.15) |v|=1.23 +69°  w1=-0.45 w2=+1.22! w3=-0.77
2026-09-03 14:41:57,830 hold  첫목표=(+1.800,+0.600) 재계산=(+1.870,+0.750) 차이=16.6cm  [전송 안 함]
2026-09-03 14:41:57,830 fit n=7 resid=1.20px z=2.00m | landing=(+0.370,+0.950) t_rem=0.260s | odom=(+0.000,+0.000) | target=(+1.800,+0.600) | v_pred=(+0.45,+1.15) 1.23m/s
2026-09-03 14:41:57,830 v=(+0.45,+1.15) |v|=1.23 +69°  w1=-0.45 w2=+1.22! w3=-0.77
2026-09-03 14:41:57,830 hold  첫목표=(+1.800,+0.600) 재계산=(+1.870,+0.760) 차이=17.5cm  [전송 안 함]
2026-09-03 14:41:57,831 fit n=7 resid=1.20px z=2.00m | landing=(+0.370,+0.960) t_rem=0.200s | odom=(+0.000,+0.000) | target=(+1.800,+0.600) | v_pred=(+0.44,+1.15) 1.23m/s
2026-09-03 14:41:57,831 v=(+0.44,+1.15) |v|=1.23 +69°  w1=-0.44 w2=+1.22! w3=-0.78
2026-09-03 14:41:57,831 interrupted
2026-09-03 14:41:57,831 catch loop end
2026-09-03 14:41:57,831 catch loop start
2026-09-03 14:41:57,831 fit n=7 resid=1.20px z=2.00m | landing=(+0.300,+0.800) t_rem=0.500s | odom=(+0.000,+0.000) | target=(+1.800,+0.600) | v_pred=(+0.43,+1.16) 1.24m/s
2026-09-03 14:41:57,831 v=(+0.43,+1.16) |v|=1.24 +69°  w1=-0.43 w2=+1.22! w3=-0.79
2026-09-03 14:41:57,831 fit n=7 resid=1.20px z=2.00m | landing=(+0.330,+0.860) t_rem=0.440s | odom=(+0.000,+0.000) | target=(+1.830,+0.660) | v_pred=(+0.44,+1.15) 1.24m/s
2026-09-03 14:41:57,831 v=(+0.44,+1.15) |v|=1.24 +69°  w1=-0.44 w2=+1.22! w3=-0.78
2026-09-03 14:41:57,831 fit n=7 resid=1.20px z=2.00m | landing=(+0.350,+0.900) t_rem=0.380s | odom=(+0.000,+0.000) | target=(+1.850,+0.700) | v_pred=(+0.45,+1.15) 1.23m/s
2026-09-03 14:41:57,831 v=(+0.45,+1.15) |v|=1.23 +69°  w1=-0.45 w2=+1.22! w3=-0.77
2026-09-03 14:41:57,831 fit n=7 resid=1.20px z=2.00m | landing=(+0.360,+0.930) t_rem=0.320s | odom=(+0.000,+0.000) | target=(+1.860,+0.730) | v_pred=(+0.45,+1.15) 1.23m/s
2026-09-03 14:41:57,832 v=(+0.45,+1.15) |v|=1.23 +69°  w1=-0.45 w2=+1.22! w3=-0.77
2026-09-03 14:41:57,832 cycle end — 착지 시각 경과 (관측 7, 스팬 0.35s, 가설 1개)
2026-09-03 14:41:57,832 fit n=7 resid=1.20px z=2.00m | landing=(+0.370,+0.950) t_rem=0.260s | odom=(+0.000,+0.000) | target=(+1.870,+0.750) | v_pred=(+0.45,+1.15) 1.23m/s
2026-09-03 14:41:57,832 v=(+0.45,+1.15) |v|=1.23 +69°  w1=-0.45 w2=+1.22! w3=-0.77
2026-09-03 14:41:57,832 fit n=7 resid=1.20px z=2.00m | landing=(+0.370,+0.960) t_rem=0.200s | odom=(+0.000,+0.000) | target=(+1.870,+0.760) | v_pred=(+0.44,+1.15) 1.23m/s
2026-09-03 14:41:57,832 v=(+0.44,+1.15) |v|=1.23 +69°  w1=-0.44 w2=+1.22! w3=-0.78
2026-09-03 14:41:57,832 interrupted
2026-09-03 14:41:57,832 catch loop end
2026-09-03 14:41:57,833 catch loop start [단발 모드: 첫 목표점 고정, 1회 전송, 워치독 1.50s]
2026-09-03 14:41:57,833 ⚠ --hold 1.50s 가 남은시간 0.50s 보다 길다. 남은시간이 다 지나면 피코가 상한 속도로 붙으므로 목표점 주변을 왕복할 수 있다 (STOP 을 생략하는 모드다)
2026-09-03 14:41:57,834 fit n=7 resid=1.20px z=2.00m | landing=(+0.300,+0.800) t_rem=0.500s | odom=(+0.000,+0.000) | target=(+1.800,+0.600) | v_pred=(+0.43,+1.16) 1.24m/s
2026-09-03 14:41:57,834 v=(+0.43,+1.16) |v|=1.24 +69°  w1=-0.43 w2=+1.22! w3=-0.79
2026-09-03 14:41:57,834 hold  첫목표=(+1.800,+0.600) 재계산=(+1.830,+0.660) 차이=6.7cm  [전송 안 함]
2026-09-03 14:41:57,834 fit n=7 resid=1.20px z=2.00m | landing=(+0.330,+0.860) t_rem=0.440s | odom=(+0.000,+0.000) | target=(+1.800,+0.600) | v_pred=(+0.44,+1.15) 1.24m/s
2026-09-03 14:41:57,834 v=(+0.44,+1.15) |v|=1.24 +69°  w1=-0.44 w2=+1.22! w3=-0.78
2026-09-03 14:41:57,834 hold  첫목표=(+1.800,+0.600) 재계산=(+1.850,+0.700) 차이=11.2cm  [전송 안 함]
2026-09-03 14:41:57,834 fit n=7 resid=1.20px z=2.00m | landing=(+0.350,+0.900) t_rem=0.380s | odom=(+0.000,+0.000) | target=(+1.800,+0.600) | v_pred=(+0.45,+1.15) 1.23m/s
2026-09-03 14:41:57,834 v=(+0.45,+1.15) |v|=1.23 +69°  w1=-0.45 w2=+1.22! w3=-0.77
2026-09-03 14:41:57,834 hold  첫목표=(+1.800,+0.600) 재계산=(+1.860,+0.730) 차이=14.3cm  [전송 안 함]
2026-09-03 14:41:57,834 fit n=7 resid=1.20px z=2.00m | landing=(+0.360,+0.930) t_rem=0.320s | odom=(+0.000,+0.000) | target=(+1.800,+0.600) | v_pred=(+0.45,+1.15) 1.23m/s
2026-09-03 14:41:57,834 v=(+0.45,+1.15) |v|=1.23 +69°  w1=-0.45 w2=+1.22! w3=-0.77
2026-09-03 14:41:57,834 cycle end — 착지 시각 경과 (관측 7, 스팬 0.35s, 가설 1개)
2026-09-03 14:41:57,834 단발 모드 — 사이클 끝 STOP 생략 (워치독이 세운다)
2026-09-03 14:41:57,835 ⚠ --hold 1.50s 가 남은시간 0.26s 보다 길다. 남은시간이 다 지나면 피코가 상한 속도로 붙으므로 목표점 주변을 왕복할 수 있다 (STOP 을 생략하는 모드다)
2026-09-03 14:41:57,835 fit n=7 resid=1.20px z=2.00m | landing=(+0.370,+0.950) t_rem=0.260s | odom=(+0.000,+0.000) | target=(+1.870,+0.750) | v_pred=(+0.45,+1.15) 1.23m/s
2026-09-03 14:41:57,835 v=(+0.45,+1.15) |v|=1.23 +69°  w1=-0.45 w2=+1.22! w3=-0.77
2026-09-03 14:41:57,835 hold  첫목표=(+1.870,+0.750) 재계산=(+1.870,+0.760) 차이=1.0cm  [전송 안 함]
2026-09-03 14:41:57,835 fit n=7 resid=1.20px z=2.00m | landing=(+0.370,+0.960) t_rem=0.200s | odom=(+0.000,+0.000) | target=(+1.870,+0.750) | v_pred=(+0.44,+1.15) 1.23m/s
2026-09-03 14:41:57,835 v=(+0.44,+1.15) |v|=1.23 +69°  w1=-0.44 w2=+1.22! w3=-0.78
2026-09-03 14:41:57,835 interrupted
2026-09-03 14:41:57,835 catch loop end
